workflow-tc-no-files-changed,none
workflow-tc-a-single-ignored-file,none
workflow-tc-multiple-ignored-files,none
workflow-tc-a-single-non-ignored-file,full
workflow-tc-multiple-non-ignored-files,full
workflow-tc-one-ignored-one-non-ignored-file,full
workflow-tc-one-ignored-multiple-non-ignored-files,full
workflow-tc-multiple-ignored-one-non-ignored-file,full
workflow-tc-multiple-ignored-multiple-non-ignored-files,full
workflow-tc-a-single-rs-comment-changes-only,none
workflow-tc-a-single-rs-non-comment-changes-only,full
workflow-tc-multiple-rs-comment-changes-only,none
workflow-tc-multiple-rs-non-comment-changes-only,full
workflow-tc-one-rs-comment-changes-one-rs-non-comment-changes,full
workflow-tc-multiple-rs-comment-changes-one-rs-non-comment-changes,full
workflow-tc-one-rs-comment-changes-multiple-rs-non-comment-changes,full
workflow-tc-multiple-rs-comment-changes-multiple-rs-non-comment-changes,full
workflow-tc-a-single-rs-comment-and-non-comment-changes,full
workflow-tc-one-rs-comment-and-non-comment-changes-one-with-comment-changes,full
workflow-tc-one-rs-comment-and-non-comment-changes-multiple-with-comment-changes,full
workflow-tc-one-rs-comment-and-non-comment-changes-one-with-non-comment-changes,full
workflow-tc-one-rs-comment-and-non-comment-changes-multiple-with-non-comment-changes,full
workflow-tc-multiple-rs-comment-and-non-comment-changes-one-with-comment-changes,full
workflow-tc-multiple-rs-comment-and-non-comment-changes-multiple-with-comment-changes,full
workflow-tc-multiple-rs-comment-and-non-comment-changes-one-with-non-comment-changes,full
workflow-tc-multiple-rs-comment-and-non-comment-changes-multiple-with-non-comment-changes,full
workflow-tc-a-single-rs-comment-changes-only-ignored-files-changed,none
workflow-tc-a-single-rs-non-comment-changes-only-ignored-files-changed,full
workflow-tc-multiple-rs-comment-changes-only-ignored-files-changed,none
workflow-tc-multiple-rs-non-comment-changes-only-ignored-files-changed,full
workflow-tc-one-rs-comment-changes-one-rs-non-comment-changes-ignored-files-changed,full
workflow-tc-multiple-rs-comment-changes-one-rs-non-comment-changes-ignored-files-changed,full
workflow-tc-one-rs-comment-changes-multiple-rs-non-comment-changes-ignored-files-changed,full
workflow-tc-multiple-rs-comment-changes-multiple-rs-non-comment-changes-ignored-files-changed,full
workflow-tc-a-single-rs-comment-and-non-comment-changes-ignored-files-changed,full
workflow-tc-one-rs-comment-and-non-comment-changes-one-with-comment-changes-ignored-files-changed,full
workflow-tc-one-rs-comment-and-non-comment-changes-multiple-with-comment-changes-ignored-files-changed,full
workflow-tc-one-rs-comment-and-non-comment-changes-one-with-non-comment-changes-ignored-files-changed,full
workflow-tc-one-rs-comment-and-non-comment-changes-multiple-with-non-comment-changes-ignored-files-changed,full
workflow-tc-multiple-rs-comment-and-non-comment-changes-one-with-comment-changes-ignored-files-changed,full
workflow-tc-multiple-rs-comment-and-non-comment-changes-multiple-with-comment-changes-ignored-files-changed,full
workflow-tc-multiple-rs-comment-and-non-comment-changes-one-with-non-comment-changes-ignored-files-changed,full
workflow-tc-multiple-rs-comment-and-non-comment-changes-multiple-with-non-comment-changes-ignored-files-changed,full
workflow-tc-a-single-rs-comment-changes-only-non-ignored-files-changed,full
workflow-tc-a-single-rs-non-comment-changes-only-non-ignored-files-changed,full
workflow-tc-multiple-rs-comment-changes-only-non-ignored-files-changed,full
workflow-tc-multiple-rs-non-comment-changes-only-non-ignored-files-changed,full
workflow-tc-one-rs-comment-changes-one-rs-non-comment-changes-non-ignored-files-changed,full
workflow-tc-multiple-rs-comment-changes-one-rs-non-comment-changes-non-ignored-files-changed,full
workflow-tc-one-rs-comment-changes-multiple-rs-non-comment-changes-non-ignored-files-changed,full
workflow-tc-multiple-rs-comment-changes-multiple-rs-non-comment-changes-non-ignored-files-changed,full
workflow-tc-a-single-rs-comment-and-non-comment-changes-non-ignored-files-changed,full
workflow-tc-one-rs-comment-and-non-comment-changes-one-with-comment-changes-non-ignored-files-changed,full
workflow-tc-one-rs-comment-and-non-comment-changes-multiple-with-comment-changes-non-ignored-files-changed,full
workflow-tc-one-rs-comment-and-non-comment-changes-one-with-non-comment-changes-non-ignored-files-changed,full
workflow-tc-one-rs-comment-and-non-comment-changes-multiple-with-non-comment-changes-non-ignored-files-changed,full
workflow-tc-multiple-rs-comment-and-non-comment-changes-one-with-comment-changes-non-ignored-files-changed,full
workflow-tc-multiple-rs-comment-and-non-comment-changes-multiple-with-comment-changes-non-ignored-files-changed,full
workflow-tc-multiple-rs-comment-and-non-comment-changes-one-with-non-comment-changes-non-ignored-files-changed,full
workflow-tc-multiple-rs-comment-and-non-comment-changes-multiple-with-non-comment-changes-non-ignored-files-changed,full
workflow-tc-a-single-rs-comment-changes-only-ignored-and-non-ignored-files-changed,full
workflow-tc-a-single-rs-non-comment-changes-only-ignored-and-non-ignored-files-changed,full
workflow-tc-multiple-rs-comment-changes-only-ignored-and-non-ignored-files-changed,full
workflow-tc-multiple-rs-non-comment-changes-only-ignored-and-non-ignored-files-changed,full
workflow-tc-one-rs-comment-changes-one-rs-non-comment-changes-ignored-and-non-ignored-files-changed,full
workflow-tc-multiple-rs-comment-changes-one-rs-non-comment-changes-ignored-and-non-ignored-files-changed,full
workflow-tc-one-rs-comment-changes-multiple-rs-non-comment-changes-ignored-and-non-ignored-files-changed,full
workflow-tc-multiple-rs-comment-changes-multiple-rs-non-comment-changes-ignored-and-non-ignored-files-changed,full
workflow-tc-a-single-rs-comment-and-non-comment-changes-ignored-and-non-ignored-files-changed,full
workflow-tc-one-rs-comment-and-non-comment-changes-one-with-comment-changes-ignored-and-non-ignored-files-changed,full
workflow-tc-one-rs-comment-and-non-comment-changes-multiple-with-comment-changes-ignored-and-non-ignored-files-changed,full
workflow-tc-one-rs-comment-and-non-comment-changes-one-with-non-comment-changes-ignored-and-non-ignored-files-changed,full
workflow-tc-one-rs-comment-and-non-comment-changes-multiple-with-non-comment-changes-ignored-and-non-ignored-files-changed,full
workflow-tc-multiple-rs-comment-and-non-comment-changes-one-with-comment-changes-ignored-and-non-ignored-files-changed,full
workflow-tc-multiple-rs-comment-and-non-comment-changes-multiple-with-comment-changes-ignored-and-non-ignored-files-changed,full
workflow-tc-multiple-rs-comment-and-non-comment-changes-one-with-non-comment-changes-ignored-and-non-ignored-files-changed,full
workflow-tc-multiple-rs-comment-and-non-comment-changes-multiple-with-non-comment-changes-ignored-and-non-ignored-files-changed,full
78-workflow-tc-roc-comment-changes-only,none
79-workflow-tc-roc-non-comment-changes-only,full
80-workflow-tc-roc-mixed-comment-and-non-comment-changes,full
81-workflow-tc-roc-comment-changes-only-ignored-file-rs-comment-changes,none
82-workflow-tc-roc-comment-changes-only-ignored-file-rs-mixed-comment-and-non-comment-changes,full
83-workflow-tc-roc-non-comment-changes-only-ignored-file-rs-comment-changes,full
84-workflow-tc-roc-mixed-comment-and-non-comment-changes-rs-mixed-comment-and-non-comment-changes,full
85-workflow-tc-roc-and-rs-comment-changes-only-ignored-files,none
86-workflow-tc-roc-and-rs-comment-changes-only-non-ignored-files,full